// Jest Snapshot v1, https://goo.gl/fbAQLP

exports[`component fixture DefaultPropValue.tsx has code block generated 1`] = `""`;

exports[`component fixture HyphenatedPropName.tsx has code block generated 1`] = `""`;

exports[`component fixture MultiProps.tsx has code block generated 1`] = `""`;

exports[`component fixture MultilineDescription.tsx has code block generated 1`] = `""`;

exports[`component fixture MultilinePropDescription.tsx has code block generated 1`] = `""`;

exports[`component fixture Simple.tsx has code block generated 1`] = `""`;

exports[`component fixture TextOnlyComponent.tsx has code block generated 1`] = `""`;

exports[`generates value info for enums 1`] = `""`;
